I expect the value to be a Type
But I see unexpected value class: ZeroValue,
The asserted class is: Add1Value.

previous:
- vec("c", vecnil)
- vec("b", vec("c", vecnil))
- vec("a", vec("b", vec("c", vecnil)))
- @the Vector(String, 2) vec("a", vec("b", vec("c", vecnil)))


