{
  x = {
    x = "abc"
  }
  y = "123"
}: {
  x : {
    x : String
  }
  y : String
}
{
  x = "abc"
}: {
  x : String
}
"123": String
