{
  x : String
  y : String
} -- {
  x = "abc"
  y = "123"
}
String -- "abc"
String -- "123"
String -- "www"
