Type -- {
  T : Type
  x : T
  y : T
}
{
  T : Type
  x : T
  y : T
} -- {
  T = String
  x = "abc"
  y = "123"
}
{
  T : Type = Stringx : String
  y : String
} -- {
  T = String
  x = "abc"
  y = "123"
}
