(_: Type) -> Type -- (_) => { Object | {
  head : _
  tail : { Object | {
    head : _
    tail : List(_)
  } }
} }
Object -- {
  
}
{ Object | {
  head : String
  tail : { Object | {
    head : String
    tail : List(String)
  } }
} } -- {
  
}
