@the List((_: String * String)) li(cons("slept", "slept"), li(cons("understood", "understood"), li(cons("tried-cleaning", "tried-cleaning"), li(cons("eaten", "eaten"), li(cons("cooked", "cooked"), nil)))))

