@the List(String) li("cooked", li("eaten", li("tried-cleaning", li("understood", li("slept", nil)))))
@the List(String) li("cooked", li("eaten", li("tried-cleaning", li("understood", li("slept", nil)))))

