@the List(Nat) nil
@the List(Nat) nil
@the List(List(Nat)) nil
@the List(List(Nat)) nil

