
I am expecting the following two values to be the same type:
  String
But they are not.
from:
  "ratatouille"
to:
  "baguette"

previous:
- same
- @the Equal(String, "ratatouille", "baguette") same


