{
  A = String
  B = String
  first = "garlic"
  second = "lentils"
}
