@datatype Nat : Type {
  zero : @datatype Nat : Type {
    zero : Nat
    succ : (prev: Nat) -> Nat
  }
  succ : (prev: @datatype Nat : Type {
    zero : Nat
    succ : (prev: Nat) -> Nat
  }) -> Nat
}
Nat.zero
Nat.succ
Nat.succ(Nat.zero)
@datatype Bool : Type {
  true : @datatype Bool : Type {
    true : Bool
    false : Bool
  }
  false : @datatype Bool : Type {
    true : Bool
    false : Bool
  }
}
Bool.true
Bool.false
Bool.true
Bool.false
Bool.true
Bool.false
Bool.true
Bool.false
Bool.true
Bool.false

