@datatype List : (_: Type) -> Type {
  null : (T: Type) -> List(T)
  cons : (T: Type) -> (head: T) -> (tail: List(T)) -> List(T)
}
List.null
List.cons
null(String)
cons(String)("abc")(null(String))

