{
  x = {
    x = "abc"
  }
  y = "123"
}
{
  x = "abc"
}
"123"
