{
  x = {
    x = "abc"
  }
  y = "123"
  id = (_) => _
}
"abc"
"123"
