(_) => { Object | {
  head : _
  tail : { Object | {
    head : _
    tail : List(_)
  } }
} }
{
  
}
{
  
}
{
  
}
