same: Equal((x2: String) * (x3: String) -> String, cons("x", (x3) => x3), cons("x", (x3) => x3))
