the ABC [
  a: Trivial = sole
  b: Nat = 2
  c: String
] {
  a: sole
  b: 2
  c: "c"
}
the Trivial sole
the Nat 2
the String "c"

