{
  a: sole
  b: 2
  c: "c"
}: class ABC {
  a: Trivial
  b: Nat
  c: String
} 

