@the Type [
  Object: Type
  Morphism: (com: Object) -> (dom: Object) -> Type
  id: (x: Object) -> Morphism(x)(x)
]

