I found duplicated name:
  a
in field_names:
  a, b, a, c
previous:
- class Test {
  a: Nat
  b: Nat
  a: Nat
  c: Nat
}
- the(Type, class Test {
  a: Nat
  b: Nat
  a: Nat
  c: Nat
})


