{
  a: sole
  b: 2
  c: "c"
}: class {
  a: Trivial = sole
  b: Nat = 2
  c: String
} 
sole: Trivial 
2: Nat 
"c": String 
{
  a: sole
  b: 2
  c: "d"
  d: "d"
  e: "e"
}: class {
  a: Trivial = sole
  b: Nat = 2
  c: String = "d"
  d: String
  e: String
} 
sole: Trivial 
2: Nat 
"d": String 
"d": String 
"e": String 

