(x) => (x_1) => x(x(x(x(x(x(x(x(x(x(x(x(x(x(x(x(x(x(x(x(x(x(x(x(x(x(x(x_1)))))))))))))))))))))))))))
